// Jest Snapshot v1, https://goo.gl/fbAQLP

exports[`Home renders correctly 1`] = `
Object {
  "asFragment": [Function],
  "baseElement": <body>
    <div>
      <div
        class="container"
      >
        <div
          class="jumbotron jumbotron-fluid mt-5 text-center"
        >
          <div
            class="container"
          >
            <h1
              class="display-4 mb-3"
            >
              <i
                class="fa fa-search"
              />
              Search Films
            </h1>
            <form
              id="searchForm"
            >
              <input
                class="form-control"
                name="searchText"
                placeholder="Search Films . . ."
                type="text"
              />
              <div>
                <select
                  aria-label="Default select example"
                  class="form-select my-5"
                >
                  <option
                    value="All"
                  >
                    All
                  </option>
                  <option
                    value="movie"
                  >
                    movie
                  </option>
                  <option
                    value="series"
                  >
                    series
                  </option>
                </select>
              </div>
              <button
                class="btn btn-dark w-25 btn-bg mb-3"
                type="submit"
              >
                Search
              </button>
            </form>
          </div>
        </div>
        <div
          class="row"
        />
      </div>
    </div>
  </body>,
  "container": <div>
    <div
      class="container"
    >
      <div
        class="jumbotron jumbotron-fluid mt-5 text-center"
      >
        <div
          class="container"
        >
          <h1
            class="display-4 mb-3"
          >
            <i
              class="fa fa-search"
            />
            Search Films
          </h1>
          <form
            id="searchForm"
          >
            <input
              class="form-control"
              name="searchText"
              placeholder="Search Films . . ."
              type="text"
            />
            <div>
              <select
                aria-label="Default select example"
                class="form-select my-5"
              >
                <option
                  value="All"
                >
                  All
                </option>
                <option
                  value="movie"
                >
                  movie
                </option>
                <option
                  value="series"
                >
                  series
                </option>
              </select>
            </div>
            <button
              class="btn btn-dark w-25 btn-bg mb-3"
              type="submit"
            >
              Search
            </button>
          </form>
        </div>
      </div>
      <div
        class="row"
      />
    </div>
  </div>,
  "debug": [Function],
  "findAllByAltText": [Function],
  "findAllByDisplayValue": [Function],
  "findAllByLabelText": [Function],
  "findAllByPlaceholderText": [Function],
  "findAllByRole": [Function],
  "findAllByTestId": [Function],
  "findAllByText": [Function],
  "findAllByTitle": [Function],
  "findByAltText": [Function],
  "findByDisplayValue": [Function],
  "findByLabelText": [Function],
  "findByPlaceholderText": [Function],
  "findByRole": [Function],
  "findByTestId": [Function],
  "findByText": [Function],
  "findByTitle": [Function],
  "getAllByAltText": [Function],
  "getAllByDisplayValue": [Function],
  "getAllByLabelText": [Function],
  "getAllByPlaceholderText": [Function],
  "getAllByRole": [Function],
  "getAllByTestId": [Function],
  "getAllByText": [Function],
  "getAllByTitle": [Function],
  "getByAltText": [Function],
  "getByDisplayValue": [Function],
  "getByLabelText": [Function],
  "getByPlaceholderText": [Function],
  "getByRole": [Function],
  "getByTestId": [Function],
  "getByText": [Function],
  "getByTitle": [Function],
  "queryAllByAltText": [Function],
  "queryAllByDisplayValue": [Function],
  "queryAllByLabelText": [Function],
  "queryAllByPlaceholderText": [Function],
  "queryAllByRole": [Function],
  "queryAllByTestId": [Function],
  "queryAllByText": [Function],
  "queryAllByTitle": [Function],
  "queryByAltText": [Function],
  "queryByDisplayValue": [Function],
  "queryByLabelText": [Function],
  "queryByPlaceholderText": [Function],
  "queryByRole": [Function],
  "queryByTestId": [Function],
  "queryByText": [Function],
  "queryByTitle": [Function],
  "rerender": [Function],
  "unmount": [Function],
}
`;
