// Jest Snapshot v1, https://goo.gl/fbAQLP

exports[`renders correctly 1`] = `
<div>
  <nav
    className="navbar navbar-light bg-dark mb-5"
  >
    <div
      className="container"
    >
      <div
        className="navbar-header"
      >
        <a
          className="navbar-brand text-white text-lg brand-text"
          href="/"
          onClick={[Function]}
        >
          Movies Catalogue
        </a>
      </div>
      <ul
        className="navbar-nav ml-auto text-light d-inline-block"
      >
        <li
          className="nav-item d-inline-block mr-4"
        >
          <a
            className="navbar-brand text-white text-lg brand-text"
            href="/search"
            onClick={[Function]}
          />
        </li>
      </ul>
    </div>
  </nav>
</div>
`;
